🌱 Seeding database...
🗑️  Clearing existing data...
✅ Users data cleared
🏥 Synchronizing Departments...
✅ 15 departments synchronized
✅ Database cleared
👤 Creating admin user...
prisma:query SELECT `user`.`id`, `user`.`firstName`, `user`.`lastName`, `user`.`middleName`, `user`.`suffix`, `user`.`birthDate`, `user`.`contactNumber`, `user`.`email`, `user`.`emailVerified`, `user`.`employeeID`, `user`.`username`, `user`.`image`, `user`.`role`, `user`.`isApproved`, `user`.`createdAt`, `user`.`updatedAt`, `user`.`name`, `user`.`department`, `user`.`isActive` FROM `user` WHERE `user`.`username` = ? LIMIT ? OFFSET ?
prisma:query SELECT `user`.`id`, `user`.`firstName`, `user`.`lastName`, `user`.`middleName`, `user`.`suffix`, `user`.`birthDate`, `user`.`contactNumber`, `user`.`email`, `user`.`emailVerified`, `user`.`employeeID`, `user`.`username`, `user`.`image`, `user`.`role`, `user`.`isApproved`, `user`.`createdAt`, `user`.`updatedAt`, `user`.`name`, `user`.`department`, `user`.`isActive` FROM `user` WHERE `user`.`email` = ? LIMIT ? OFFSET ?
prisma:error 
Invalid `adapterInstance.create()` invocation in
E:\queuesys\nmmc-queueing-sys\nmmcqueue-backend\node_modules\.pnpm\@better-auth+core@1.4.20_@b_c3d8be5ef0d540fdc95ad4789fd6dd7e\node_modules\@better-auth\core\dist\db\adapter\factory.mjs:414:38

  411 	model,
  412 	data
  413 });
→ 414 const res = await adapterInstance.create({
        data: {
          name: "Makatti Kiffyko",
          email: "admin@nmmc.gov.ph",
          emailVerified: false,
          createdAt: new Date("2026-03-13T14:15:09.504Z"),
          updatedAt: new Date("2026-03-13T14:15:09.504Z"),
          username: "admin",
          displayUsername: "admin",
          ~~~~~~~~~~~~~~~
          firstName: "Makatti",
          lastName: "Kiffyko",
          middleName: "",
          suffix: "",
          employeeID: "EMP001",
          department: "Administration",
          role: "ADMIN",
          birthDate: "1985-03-15T00:00:00.000Z",
          contactNumber: "09171234567",
          isApproved: true,
          id: "gFT4U2ceYcZhZ4KdeSvtK0VbFDYk8Y9s",
      ?   image?: String | Null,
      ?   isActive?: Boolean,
      ?   accounts?: AccountCreateNestedManyWithoutUserInput,
      ?   sessions?: SessionCreateNestedManyWithoutUserInput,
      ?   triagedVisits?: VisitCreateNestedManyWithoutTriagedByUserInput
        },
        select: undefined
      })

Unknown argument `displayUsername`. Available options are marked with ?.
[2m2026-03-13T14:15:09.751Z[0m [31mERROR[0m [1m[Better Auth]:[0m Failed to create user PrismaClientValidationError: 
Invalid `adapterInstance.create()` invocation in
E:\queuesys\nmmc-queueing-sys\nmmcqueue-backend\node_modules\.pnpm\@better-auth+core@1.4.20_@b_c3d8be5ef0d540fdc95ad4789fd6dd7e\node_modules\@better-auth\core\dist\db\adapter\factory.mjs:414:38

  411 	model,
  412 	data
  413 });
→ 414 const res = await adapterInstance.create({
        data: {
          name: "Makatti Kiffyko",
          email: "admin@nmmc.gov.ph",
          emailVerified: false,
          createdAt: new Date("2026-03-13T14:15:09.504Z"),
          updatedAt: new Date("2026-03-13T14:15:09.504Z"),
          username: "admin",
          displayUsername: "admin",
          ~~~~~~~~~~~~~~~
          firstName: "Makatti",
          lastName: "Kiffyko",
          middleName: "",
          suffix: "",
          employeeID: "EMP001",
          department: "Administration",
          role: "ADMIN",
          birthDate: "1985-03-15T00:00:00.000Z",
          contactNumber: "09171234567",
          isApproved: true,
          id: "gFT4U2ceYcZhZ4KdeSvtK0VbFDYk8Y9s",
      ?   image?: String | Null,
      ?   isActive?: Boolean,
      ?   accounts?: AccountCreateNestedManyWithoutUserInput,
      ?   sessions?: SessionCreateNestedManyWithoutUserInput,
      ?   triagedVisits?: VisitCreateNestedManyWithoutTriagedByUserInput
        },
        select: undefined
      })

Unknown argument `displayUsername`. Available options are marked with ?.
    at throwValidationException (E:\queuesys\nmmc-queueing-sys\nmmcqueue-backend\node_modules\.pnpm\@prisma+client@7.4.2_prisma_49b4b128965f74ea9bbd7586bc0c7d7a\node_modules\@prisma\client\src\runtime\core\errorRendering\throwValidationException.ts:46:9)
    at zr.handleRequestError (E:\queuesys\nmmc-queueing-sys\nmmcqueue-backend\node_modules\.pnpm\@prisma+client@7.4.2_prisma_49b4b128965f74ea9bbd7586bc0c7d7a\node_modules\@prisma\client\src\runtime\RequestHandler.ts:211:7)
    at zr.handleAndLogRequestError (E:\queuesys\nmmc-queueing-sys\nmmcqueue-backend\node_modules\.pnpm\@prisma+client@7.4.2_prisma_49b4b128965f74ea9bbd7586bc0c7d7a\node_modules\@prisma\client\src\runtime\RequestHandler.ts:183:12)
    at zr.request (E:\queuesys\nmmc-queueing-sys\nmmcqueue-backend\node_modules\.pnpm\@prisma+client@7.4.2_prisma_49b4b128965f74ea9bbd7586bc0c7d7a\node_modules\@prisma\client\src\runtime\RequestHandler.ts:152:12)
    at process.processTicksAndRejections (node:internal/process/task_queues:105:5)
    at async a (E:\queuesys\nmmc-queueing-sys\nmmcqueue-backend\node_modules\.pnpm\@prisma+client@7.4.2_prisma_49b4b128965f74ea9bbd7586bc0c7d7a\node_modules\@prisma\client\src\runtime\getPrismaClient.ts:808:24)
    at async Object.create (E:\queuesys\nmmc-queueing-sys\nmmcqueue-backend\node_modules\.pnpm\better-auth@1.4.20_@prisma+_3307ec3217942da013211002fa1b0c8c\node_modules\better-auth\dist\adapters\prisma-adapter\prisma-adapter.mjs:132:12)
    at async Object.create (E:\queuesys\nmmc-queueing-sys\nmmcqueue-backend\node_modules\.pnpm\@better-auth+core@1.4.20_@b_c3d8be5ef0d540fdc95ad4789fd6dd7e\node_modules\@better-auth\core\dist\db\adapter\factory.mjs:414:16)
    at async createWithHooks (E:\queuesys\nmmc-queueing-sys\nmmcqueue-backend\node_modules\.pnpm\better-auth@1.4.20_@prisma+_3307ec3217942da013211002fa1b0c8c\node_modules\better-auth\dist\db\with-hooks.mjs:21:69)
    at async Object.createUser (E:\queuesys\nmmc-queueing-sys\nmmcqueue-backend\node_modules\.pnpm\better-auth@1.4.20_@prisma+_3307ec3217942da013211002fa1b0c8c\node_modules\better-auth\dist\db\internal-adapter.mjs:53:11) {
  clientVersion: '7.5.0'
}
❌ Seeding failed: Failed to create user
