{"level":"warn","message":"Operational Error: body.targetDepartmentId: Invalid input: expected string, received undefined","method":"POST","path":"/api/caller/visit/visit-1/transfer","service":"nmmc-queue-backend","statusCode":400,"timestamp":"2026-04-12 14:25:39","userId":"caller-1"}
{"level":"warn","message":"Operational Error: Only the caller who claimed this patient can complete it.","method":"POST","path":"/api/caller/visit/visit-1/serve","service":"nmmc-queue-backend","statusCode":409,"timestamp":"2026-04-12 14:25:39","userId":"caller-1"}
{"level":"warn","message":"Operational Error: body.targetDepartmentId: Invalid input: expected string, received undefined","method":"POST","path":"/api/caller/visit/visit-1/transfer","service":"nmmc-queue-backend","statusCode":400,"timestamp":"2026-04-12 14:32:16","userId":"caller-1"}
{"level":"warn","message":"Operational Error: Only the caller who claimed this patient can complete it.","method":"POST","path":"/api/caller/visit/visit-1/serve","service":"nmmc-queue-backend","statusCode":409,"timestamp":"2026-04-12 14:32:16","userId":"caller-1"}
{"level":"warn","message":"Operational Error: body.overrideClassification: Invalid option: expected one of \"PRIORITY\"|\"REGULAR\"","method":"POST","path":"/api/caller/call-next","service":"nmmc-queue-backend","statusCode":400,"timestamp":"2026-04-12 14:32:16","userId":"caller-1"}
{"level":"warn","message":"Operational Error: body.data.name: Option name is required, body.data.code: Option code is required","method":"POST","path":"/api/caller/queue-options","service":"nmmc-queue-backend","statusCode":400,"timestamp":"2026-04-12 14:32:16","userId":"admin-1"}
{"level":"warn","message":"Operational Error: body.targetDepartmentId: Invalid input: expected string, received undefined","method":"POST","path":"/api/caller/visit/visit-1/transfer","service":"nmmc-queue-backend","statusCode":400,"timestamp":"2026-04-12 14:33:29","userId":"caller-1"}
{"level":"warn","message":"Operational Error: Only the caller who claimed this patient can complete it.","method":"POST","path":"/api/caller/visit/visit-1/serve","service":"nmmc-queue-backend","statusCode":409,"timestamp":"2026-04-12 14:33:29","userId":"caller-1"}
{"level":"warn","message":"Operational Error: body.overrideClassification: Invalid option: expected one of \"PRIORITY\"|\"REGULAR\"","method":"POST","path":"/api/caller/call-next","service":"nmmc-queue-backend","statusCode":400,"timestamp":"2026-04-12 14:33:29","userId":"caller-1"}
{"level":"warn","message":"Operational Error: body.data.name: Option name is required, body.data.code: Option code is required","method":"POST","path":"/api/caller/queue-options","service":"nmmc-queue-backend","statusCode":400,"timestamp":"2026-04-12 14:33:29","userId":"admin-1"}
{"level":"warn","message":"Operational Error: body.email: Valid email is required, body.name: Name is required, body.employeeID: Employee ID is required","method":"POST","path":"/api/users/create","service":"nmmc-queue-backend","statusCode":400,"timestamp":"2026-04-12 14:38:12","userId":"admin-1"}
{"level":"warn","message":"Operational Error: body.role: Invalid option: expected one of \"ADMIN\"|\"TRIAGE_NURSE\"|\"WINDOW_CLERK\"|\"CLINIC_CALLER\"","method":"PUT","path":"/api/users/u-1/role","service":"nmmc-queue-backend","statusCode":400,"timestamp":"2026-04-12 14:38:12","userId":"admin-1"}
{"level":"warn","message":"Operational Error: body.status: Invalid input: expected boolean, received string","method":"PUT","path":"/api/users/u-1/status","service":"nmmc-queue-backend","statusCode":400,"timestamp":"2026-04-12 14:38:12","userId":"admin-1"}
{"level":"warn","message":"Operational Error: body.email: Valid email is required, body.name: Name is required, body.employeeID: Employee ID is required","method":"POST","path":"/api/users/create","service":"nmmc-queue-backend","statusCode":400,"timestamp":"2026-04-12 14:38:44","userId":"admin-1"}
{"level":"warn","message":"Operational Error: body.role: Invalid option: expected one of \"ADMIN\"|\"TRIAGE_NURSE\"|\"WINDOW_CLERK\"|\"CLINIC_CALLER\"","method":"PUT","path":"/api/users/u-1/role","service":"nmmc-queue-backend","statusCode":400,"timestamp":"2026-04-12 14:38:44","userId":"admin-1"}
{"level":"warn","message":"Operational Error: body.status: Invalid input: expected boolean, received string","method":"PUT","path":"/api/users/u-1/status","service":"nmmc-queue-backend","statusCode":400,"timestamp":"2026-04-12 14:38:44","userId":"admin-1"}
{"level":"warn","message":"Operational Error: body.email: Valid email is required, body.name: Name is required, body.employeeID: Employee ID is required","method":"POST","path":"/api/users/create","service":"nmmc-queue-backend","statusCode":400,"timestamp":"2026-04-12 14:39:02","userId":"admin-1"}
{"level":"warn","message":"Operational Error: body.role: Invalid option: expected one of \"ADMIN\"|\"TRIAGE_NURSE\"|\"WINDOW_CLERK\"|\"CLINIC_CALLER\"","method":"PUT","path":"/api/users/u-1/role","service":"nmmc-queue-backend","statusCode":400,"timestamp":"2026-04-12 14:39:02","userId":"admin-1"}
{"level":"warn","message":"Operational Error: body.status: Invalid input: expected boolean, received string","method":"PUT","path":"/api/users/u-1/status","service":"nmmc-queue-backend","statusCode":400,"timestamp":"2026-04-12 14:39:02","userId":"admin-1"}
{"level":"warn","message":"Operational Error: body.targetDepartmentId: Invalid input: expected string, received undefined","method":"POST","path":"/api/caller/visit/visit-1/transfer","service":"nmmc-queue-backend","statusCode":400,"timestamp":"2026-04-12 14:39:52","userId":"caller-1"}
{"level":"warn","message":"Operational Error: Only the caller who claimed this patient can complete it.","method":"POST","path":"/api/caller/visit/visit-1/serve","service":"nmmc-queue-backend","statusCode":409,"timestamp":"2026-04-12 14:39:52","userId":"caller-1"}
{"level":"warn","message":"Operational Error: body.overrideClassification: Invalid option: expected one of \"PRIORITY\"|\"REGULAR\"","method":"POST","path":"/api/caller/call-next","service":"nmmc-queue-backend","statusCode":400,"timestamp":"2026-04-12 14:39:52","userId":"caller-1"}
{"level":"warn","message":"Operational Error: body.data.name: Option name is required, body.data.code: Option code is required","method":"POST","path":"/api/caller/queue-options","service":"nmmc-queue-backend","statusCode":400,"timestamp":"2026-04-12 14:39:53","userId":"admin-1"}
{"level":"warn","message":"Operational Error: body.email: Valid email is required, body.name: Name is required, body.employeeID: Employee ID is required","method":"POST","path":"/api/users/create","service":"nmmc-queue-backend","statusCode":400,"timestamp":"2026-04-12 14:39:58","userId":"admin-1"}
{"level":"warn","message":"Operational Error: body.role: Invalid option: expected one of \"ADMIN\"|\"TRIAGE_NURSE\"|\"WINDOW_CLERK\"|\"CLINIC_CALLER\"","method":"PUT","path":"/api/users/u-1/role","service":"nmmc-queue-backend","statusCode":400,"timestamp":"2026-04-12 14:39:58","userId":"admin-1"}
{"level":"warn","message":"Operational Error: body.status: Invalid input: expected boolean, received string","method":"PUT","path":"/api/users/u-1/status","service":"nmmc-queue-backend","statusCode":400,"timestamp":"2026-04-12 14:39:58","userId":"admin-1"}
{"level":"warn","message":"Operational Error: body.targetDepartmentId: Invalid input: expected string, received undefined","method":"POST","path":"/api/caller/visit/visit-1/transfer","service":"nmmc-queue-backend","statusCode":400,"timestamp":"2026-04-12 14:41:04","userId":"caller-1"}
{"level":"warn","message":"Operational Error: Only the caller who claimed this patient can complete it.","method":"POST","path":"/api/caller/visit/visit-1/serve","service":"nmmc-queue-backend","statusCode":409,"timestamp":"2026-04-12 14:41:04","userId":"caller-1"}
{"level":"warn","message":"Operational Error: body.overrideClassification: Invalid option: expected one of \"PRIORITY\"|\"REGULAR\"","method":"POST","path":"/api/caller/call-next","service":"nmmc-queue-backend","statusCode":400,"timestamp":"2026-04-12 14:41:04","userId":"caller-1"}
{"level":"warn","message":"Operational Error: body.data.name: Option name is required, body.data.code: Option code is required","method":"POST","path":"/api/caller/queue-options","service":"nmmc-queue-backend","statusCode":400,"timestamp":"2026-04-12 14:41:04","userId":"admin-1"}
{"level":"warn","message":"Operational Error: body.email: Valid email is required, body.name: Name is required, body.employeeID: Employee ID is required","method":"POST","path":"/api/users/create","service":"nmmc-queue-backend","statusCode":400,"timestamp":"2026-04-12 14:41:05","userId":"admin-1"}
{"level":"warn","message":"Operational Error: body.role: Invalid option: expected one of \"ADMIN\"|\"TRIAGE_NURSE\"|\"WINDOW_CLERK\"|\"CLINIC_CALLER\"","method":"PUT","path":"/api/users/u-1/role","service":"nmmc-queue-backend","statusCode":400,"timestamp":"2026-04-12 14:41:06","userId":"admin-1"}
{"level":"warn","message":"Operational Error: body.status: Invalid input: expected boolean, received string","method":"PUT","path":"/api/users/u-1/status","service":"nmmc-queue-backend","statusCode":400,"timestamp":"2026-04-12 14:41:06","userId":"admin-1"}
{"level":"warn","message":"Operational Error: body.targetDepartmentId: Invalid input: expected string, received undefined","method":"POST","path":"/api/caller/visit/visit-1/transfer","service":"nmmc-queue-backend","statusCode":400,"timestamp":"2026-04-12 14:44:00","userId":"caller-1"}
{"level":"warn","message":"Operational Error: Only the caller who claimed this patient can complete it.","method":"POST","path":"/api/caller/visit/visit-1/serve","service":"nmmc-queue-backend","statusCode":409,"timestamp":"2026-04-12 14:44:00","userId":"caller-1"}
{"level":"warn","message":"Operational Error: body.overrideClassification: Invalid option: expected one of \"PRIORITY\"|\"REGULAR\"","method":"POST","path":"/api/caller/call-next","service":"nmmc-queue-backend","statusCode":400,"timestamp":"2026-04-12 14:44:00","userId":"caller-1"}
{"level":"warn","message":"Operational Error: body.data.name: Option name is required, body.data.code: Option code is required","method":"POST","path":"/api/caller/queue-options","service":"nmmc-queue-backend","statusCode":400,"timestamp":"2026-04-12 14:44:01","userId":"admin-1"}
{"level":"warn","message":"Operational Error: body.email: Valid email is required, body.name: Name is required, body.employeeID: Employee ID is required","method":"POST","path":"/api/users/create","service":"nmmc-queue-backend","statusCode":400,"timestamp":"2026-04-12 14:44:06","userId":"admin-1"}
{"level":"warn","message":"Operational Error: body.role: Invalid option: expected one of \"ADMIN\"|\"TRIAGE_NURSE\"|\"WINDOW_CLERK\"|\"CLINIC_CALLER\"","method":"PUT","path":"/api/users/u-1/role","service":"nmmc-queue-backend","statusCode":400,"timestamp":"2026-04-12 14:44:06","userId":"admin-1"}
{"level":"warn","message":"Operational Error: body.status: Invalid input: expected boolean, received string","method":"PUT","path":"/api/users/u-1/status","service":"nmmc-queue-backend","statusCode":400,"timestamp":"2026-04-12 14:44:06","userId":"admin-1"}
{"level":"warn","message":"Operational Error: body.targetDepartmentId: Invalid input: expected string, received undefined","method":"POST","path":"/api/caller/visit/visit-1/transfer","service":"nmmc-queue-backend","statusCode":400,"timestamp":"2026-04-12 14:49:52","userId":"caller-1"}
{"level":"warn","message":"Operational Error: Only the caller who claimed this patient can complete it.","method":"POST","path":"/api/caller/visit/visit-1/serve","service":"nmmc-queue-backend","statusCode":409,"timestamp":"2026-04-12 14:49:52","userId":"caller-1"}
{"level":"warn","message":"Operational Error: body.overrideClassification: Invalid option: expected one of \"PRIORITY\"|\"REGULAR\"","method":"POST","path":"/api/caller/call-next","service":"nmmc-queue-backend","statusCode":400,"timestamp":"2026-04-12 14:49:52","userId":"caller-1"}
{"level":"warn","message":"Operational Error: body.data.name: Option name is required, body.data.code: Option code is required","method":"POST","path":"/api/caller/queue-options","service":"nmmc-queue-backend","statusCode":400,"timestamp":"2026-04-12 14:49:52","userId":"admin-1"}
{"level":"warn","message":"Operational Error: body.email: Valid email is required, body.name: Name is required, body.employeeID: Employee ID is required","method":"POST","path":"/api/users/create","service":"nmmc-queue-backend","statusCode":400,"timestamp":"2026-04-12 14:49:53","userId":"admin-1"}
{"level":"warn","message":"Operational Error: body.role: Invalid option: expected one of \"ADMIN\"|\"TRIAGE_NURSE\"|\"WINDOW_CLERK\"|\"CLINIC_CALLER\"","method":"PUT","path":"/api/users/u-1/role","service":"nmmc-queue-backend","statusCode":400,"timestamp":"2026-04-12 14:49:53","userId":"admin-1"}
{"level":"warn","message":"Operational Error: body.status: Invalid input: expected boolean, received string","method":"PUT","path":"/api/users/u-1/status","service":"nmmc-queue-backend","statusCode":400,"timestamp":"2026-04-12 14:49:53","userId":"admin-1"}
{"level":"warn","message":"Operational Error: body.targetDepartmentId: Invalid input: expected string, received undefined","method":"POST","path":"/api/caller/visit/visit-1/transfer","service":"nmmc-queue-backend","statusCode":400,"timestamp":"2026-04-12 14:50:49","userId":"caller-1"}
{"level":"warn","message":"Operational Error: Only the caller who claimed this patient can complete it.","method":"POST","path":"/api/caller/visit/visit-1/serve","service":"nmmc-queue-backend","statusCode":409,"timestamp":"2026-04-12 14:50:49","userId":"caller-1"}
{"level":"warn","message":"Operational Error: body.overrideClassification: Invalid option: expected one of \"PRIORITY\"|\"REGULAR\"","method":"POST","path":"/api/caller/call-next","service":"nmmc-queue-backend","statusCode":400,"timestamp":"2026-04-12 14:50:49","userId":"caller-1"}
{"level":"warn","message":"Operational Error: body.data.name: Option name is required, body.data.code: Option code is required","method":"POST","path":"/api/caller/queue-options","service":"nmmc-queue-backend","statusCode":400,"timestamp":"2026-04-12 14:50:49","userId":"admin-1"}
{"level":"warn","message":"Operational Error: body.email: Valid email is required, body.name: Name is required, body.employeeID: Employee ID is required","method":"POST","path":"/api/users/create","service":"nmmc-queue-backend","statusCode":400,"timestamp":"2026-04-12 14:50:50","userId":"admin-1"}
{"level":"warn","message":"Operational Error: body.role: Invalid option: expected one of \"ADMIN\"|\"TRIAGE_NURSE\"|\"WINDOW_CLERK\"|\"CLINIC_CALLER\"","method":"PUT","path":"/api/users/u-1/role","service":"nmmc-queue-backend","statusCode":400,"timestamp":"2026-04-12 14:50:50","userId":"admin-1"}
{"level":"warn","message":"Operational Error: body.status: Invalid input: expected boolean, received string","method":"PUT","path":"/api/users/u-1/status","service":"nmmc-queue-backend","statusCode":400,"timestamp":"2026-04-12 14:50:50","userId":"admin-1"}
